// Jest Snapshot v1, https://goo.gl/fbAQLP

exports[`Body Component Renders correctly 1`] = `
<div>
  <div>
    <div>
      <div>
        <div>
          <div />
          <div />
          <div />
          <div />
        </div>
      </div>
    </div>
  </div>
</div>
`;
